// Jest Snapshot v1, https://goo.gl/fbAQLP

exports[`Performance: metrics evaluates valid input (with lcp) correctly 1`] = `
Object {
  "estimatedInputLatency": 543,
  "estimatedInputLatencyTs": undefined,
  "firstCPUIdle": 3677,
  "firstCPUIdleTs": undefined,
  "firstContentfulPaint": 2252,
  "firstContentfulPaintTs": undefined,
  "firstMeaningfulPaint": 2721,
  "firstMeaningfulPaintTs": undefined,
  "interactive": 4614,
  "interactiveTs": undefined,
  "largestContentfulPaint": 3343,
  "largestContentfulPaintTs": undefined,
  "maxPotentialFID": 1336,
  "observedDomContentLoaded": 1513,
  "observedDomContentLoadedTs": 713038536140,
  "observedFirstContentfulPaint": 1122,
  "observedFirstContentfulPaintTs": 713038144775,
  "observedFirstMeaningfulPaint": 1122,
  "observedFirstMeaningfulPaintTs": 713038144775,
  "observedFirstPaint": 1122,
  "observedFirstPaintTs": 713038144775,
  "observedFirstVisualChange": 1105,
  "observedFirstVisualChangeTs": 713038128064,
  "observedLargestContentfulPaint": 1122,
  "observedLargestContentfulPaintTs": 713038144775,
  "observedLastVisualChange": 1722,
  "observedLastVisualChangeTs": 713038745064,
  "observedLoad": 2159,
  "observedLoadTs": 713039182071,
  "observedNavigationStart": 0,
  "observedNavigationStartTs": 713037023064,
  "observedSpeedIndex": 1393,
  "observedSpeedIndexTs": 713038416494,
  "observedTraceEnd": 7416,
  "observedTraceEndTs": 713044438781,
  "speedIndex": 3639,
  "speedIndexTs": undefined,
  "totalBlockingTime": 1191,
}
`;

exports[`Performance: metrics evaluates valid input correctly 1`] = `
Object {
  "estimatedInputLatency": 78,
  "estimatedInputLatencyTs": undefined,
  "firstCPUIdle": 3351,
  "firstCPUIdleTs": undefined,
  "firstContentfulPaint": 1307,
  "firstContentfulPaintTs": undefined,
  "firstMeaningfulPaint": 1511,
  "firstMeaningfulPaintTs": undefined,
  "interactive": 3427,
  "interactiveTs": undefined,
  "largestContentfulPaint": undefined,
  "largestContentfulPaintTs": undefined,
  "maxPotentialFID": 396,
  "observedDomContentLoaded": 560,
  "observedDomContentLoadedTs": 225414732309,
  "observedFirstContentfulPaint": 499,
  "observedFirstContentfulPaintTs": 225414670885,
  "observedFirstMeaningfulPaint": 783,
  "observedFirstMeaningfulPaintTs": 225414955343,
  "observedFirstPaint": 499,
  "observedFirstPaintTs": 225414670868,
  "observedFirstVisualChange": 520,
  "observedFirstVisualChangeTs": 225414692015,
  "observedLargestContentfulPaint": undefined,
  "observedLargestContentfulPaintTs": undefined,
  "observedLastVisualChange": 818,
  "observedLastVisualChangeTs": 225414990015,
  "observedLoad": 2199,
  "observedLoadTs": 225416370913,
  "observedNavigationStart": 0,
  "observedNavigationStartTs": 225414172015,
  "observedSpeedIndex": 605,
  "observedSpeedIndexTs": 225414776724,
  "observedTraceEnd": 12540,
  "observedTraceEndTs": 225426711887,
  "speedIndex": 1657,
  "speedIndexTs": undefined,
  "totalBlockingTime": 726,
}
`;
